> Task :app:checkKotlinGradlePluginConfigurationErrors
> Task :app:preBuild UP-TO-DATE
> Task :app:preDebugBuild UP-TO-DATE
> Task :app:dataBindingMergeDependencyArtifactsDebug UP-TO-DATE
> Task :app:generateDebugResValues UP-TO-DATE
> Task :app:generateDebugResources UP-TO-DATE
> Task :app:mergeDebugResources UP-TO-DATE
> Task :app:packageDebugResources UP-TO-DATE
> Task :app:parseDebugLocalResources UP-TO-DATE
> Task :app:dataBindingGenBaseClassesDebug UP-TO-DATE
> Task :app:checkDebugAarMetadata UP-TO-DATE
> Task :app:mapDebugSourceSetPaths UP-TO-DATE
> Task :app:createDebugCompatibleScreenManifests UP-TO-DATE
> Task :app:extractDeepLinksDebug UP-TO-DATE
> Task :app:processDebugMainManifest UP-TO-DATE
> Task :app:processDebugManifest UP-TO-DATE
> Task :app:processDebugManifestForPackage UP-TO-DATE
> Task :app:processDebugResources UP-TO-DATE
> Task :app:kaptGenerateStubsDebugKotlin UP-TO-DATE
> Task :app:kaptDebugKotlin UP-TO-DATE

> Task :app:compileDebugKotlin
.\gradlew : e: file:///C:/Users/AD-LAB/.gemini/antigravity/scr
atch/Resume2Interview/app/src/main/java/com/example/resume2int
erview/ui/home/HomeFragment.kt:41:17 Unresolved reference: 
cardUpdateResume
At line:1 char:1
+ .\gradlew compileDebugKotlin > build_errors.txt 2>&1
+ ~~~~~~~~~~~~~~~~~~~~~~~~~~~~~~~~~~~~~~~~~~~~~~~~~~~~
    + CategoryInfo          : NotSpecified: (e: file:///C:/U. 
   ..ardUpdateResume:String) [], RemoteException
    + FullyQualifiedErrorId : NativeCommandError
 
e: file:///C:/Users/AD-LAB/.gemini/antigravity/scratch/Resume2
Interview/app/src/main/java/com/example/resume2interview/ui/ho
me/HomeFragment.kt:45:17 Unresolved reference: 
cardStartInterview
e: file:///C:/Users/AD-LAB/.gemini/antigravity/scratch/Resume2
Interview/app/src/main/java/com/example/resume2interview/ui/ho
me/HomeFragment.kt:56:17 Unresolved reference: 
cardStartInterview
e: file:///C:/Users/AD-LAB/.gemini/antigravity/scratch/Resume2
Interview/app/src/main/java/com/example/resume2interview/ui/ho
me/HomeFragment.kt:57:17 Unresolved reference: 
ivStartInterviewIcon
e: file:///C:/Users/AD-LAB/.gemini/antigravity/scratch/Resume2
Interview/app/src/main/java/com/example/resume2interview/ui/ho
me/HomeFragment.kt:58:17 Unresolved reference: 
tvStartInterview

> Task :app:compileDebugKotlin FAILED

[Incubating] Problems report is available at: file:///C:/Users/AD-LAB/.gemini/antigravity/scratch/Resume2Interview/build/reports/problems/problems-report.html

FAILURE: Build failed with an exception.

* What went wrong:
Execution failed for task ':app:compileDebugKotlin'.
> A failure occurred while executing org.jetbrains.kotlin.comp
ilerRunner.GradleCompilerRunnerWithWorkers$GradleKotlinCompile
rWorkAction
   > Compilation error. See log for more details

* Try:
> Run with --stacktrace option to get the stack trace.
> Run with --info or --debug option to get more log output.
> Run with --scan to get full insights.
> Get more help at https://help.gradle.org.

Deprecated Gradle features were used in this build, making it incompatible with Gradle 9.0.

You can use '--warning-mode all' to show the individual deprecation warnings and determine if they come from your own scripts or plugins.

For more on this, please refer to https://docs.gradle.org/8.12/userguide/command_line_interface.html#sec:command_line_warnings in the Gradle documentation.

BUILD FAILED in 3s
19 actionable tasks: 2 executed, 17 up-to-date
